[    0.000000] Linux version 4.15.0-212-generic (buildd@lcy02-amd64-083) (gcc version 7.5.0 (Ubuntu 7.5.0-3ubuntu1~18.04)) #223-Ubuntu SMP Tue May 23 13:09:22 UTC 2023 (Ubuntu 4.15.0-212.223-generic 4.15.18)
[    0.000000] Command line: BOOT_IMAGE=/boot/vmlinuz-4.15.0-212-generic root=LABEL=cloudimg-rootfs ro console=tty1 console=ttyS0
[    0.000000] KERNEL supported cpus:
[    0.000000]   Intel GenuineIntel
[    0.000000]   AMD AuthenticAMD
[    0.000000]   Centaur CentaurHauls
[    0.000000] x86/fpu: x87 FPU will use FXSAVE
[    0.000000] e820: BIOS-provided physical RAM map:
[    0.000000] BIOS-e820: [mem 0x0000000000000000-0x000000000009fbff] usable
[    0.000000] BIOS-e820: [mem 0x000000000009fc00-0x000000000009ffff] reserved
[    0.000000] BIOS-e820: [mem 0x00000000000f0000-0x00000000000fffff] reserved
[    0.000000] BIOS-e820: [mem 0x0000000000100000-0x000000003ffeffff] usable
[    0.000000] BIOS-e820: [mem 0x000000003fff0000-0x000000003fffffff] ACPI data
[    0.000000] BIOS-e820: [mem 0x00000000fec00000-0x00000000fec00fff] reserved
[    0.000000] BIOS-e820: [mem 0x00000000fee00000-0x00000000fee00fff] reserved
[    0.000000] BIOS-e820: [mem 0x00000000fffc0000-0x00000000ffffffff] reserved
[    0.000000] NX (Execute Disable) protection: active
[    0.000000] SMBIOS 2.5 present.
[    0.000000] DMI: innotek GmbH VirtualBox/VirtualBox, BIOS VirtualBox 12/01/2006
[    0.000000] Hypervisor detected: KVM
[    0.000000] e820: last_pfn = 0x3fff0 max_arch_pfn = 0x400000000
[    0.000000] MTRR: Disabled
[    0.000000] x86/PAT: MTRRs disabled, skipping PAT initialization too.
[    0.000000] CPU MTRRs all blank - virtualized system.
[    0.000000] x86/PAT: Configuration [0-7]: WB  WT  UC- UC  WB  WT  UC- UC  
[    0.000000] found SMP MP-table at [mem 0x0009fff0-0x0009ffff]
[    0.000000] Scanning 1 areas for low memory corruption
[    0.000000] RAMDISK: [mem 0x359cb000-0x36cdcfff]
[    0.000000] ACPI: Early table checksum verification disabled
[    0.000000] ACPI: RSDP 0x00000000000E0000 000024 (v02 VBOX  )
[    0.000000] ACPI: XSDT 0x000000003FFF0030 00003C (v01 VBOX   VBOXXSDT 00000001 ASL  00000061)
[    0.000000] ACPI: FACP 0x000000003FFF00F0 0000F4 (v04 VBOX   VBOXFACP 00000001 ASL  00000061)
[    0.000000] ACPI: DSDT 0x000000003FFF0610 002353 (v02 VBOX   VBOXBIOS 00000002 INTL 20100528)
[    0.000000] ACPI: FACS 0x000000003FFF0200 000040
[    0.000000] ACPI: FACS 0x000000003FFF0200 000040
[    0.000000] ACPI: APIC 0x000000003FFF0240 00005C (v02 VBOX   VBOXAPIC 00000001 ASL  00000061)
[    0.000000] ACPI: SSDT 0x000000003FFF02A0 00036C (v01 VBOX   VBOXCPUT 00000002 INTL 20100528)
[    0.000000] ACPI: Reserving FACP table memory at [mem 0x3fff00f0-0x3fff01e3]
[    0.000000] ACPI: Reserving DSDT table memory at [mem 0x3fff0610-0x3fff2962]
[    0.000000] ACPI: Reserving FACS table memory at [mem 0x3fff0200-0x3fff023f]
[    0.000000] ACPI: Reserving FACS table memory at [mem 0x3fff0200-0x3fff023f]
[    0.000000] ACPI: Reserving APIC table memory at [mem 0x3fff0240-0x3fff029b]
[    0.000000] ACPI: Reserving SSDT table memory at [mem 0x3fff02a0-0x3fff060b]
[    0.000000] No NUMA configuration found
[    0.000000] Faking a node at [mem 0x0000000000000000-0x000000003ffeffff]
[    0.000000] NODE_DATA(0) allocated [mem 0x3ffc5000-0x3ffeffff]
[    0.000000] kvm-clock: cpu 0, msr 0:3ff44001, primary cpu clock
[    0.000000] kvm-clock: Using msrs 4b564d01 and 4b564d00
[    0.000000] kvm-clock: using sched offset of 5933648040 cycles
[    0.000000] clocksource: kvm-clock: mask: 0xffffffffffffffff max_cycles: 0x1cd42e4dffb, max_idle_ns: 881590591483 ns
[    0.000000] Zone ranges:
[    0.000000]   DMA      [mem 0x0000000000001000-0x0000000000ffffff]
[    0.000000]   DMA32    [mem 0x0000000001000000-0x000000003ffeffff]
[    0.000000]   Normal   empty
[    0.000000]   Device   empty
[    0.000000] Movable zone start for each node
[    0.000000] Early memory node ranges
[    0.000000]   node   0: [mem 0x0000000000001000-0x000000000009efff]
[    0.000000]   node   0: [mem 0x0000000000100000-0x000000003ffeffff]
[    0.000000] Reserved but unavailable: 104 pages
[    0.000000] Initmem setup node 0 [mem 0x0000000000001000-0x000000003ffeffff]
[    0.000000] ACPI: PM-Timer IO Port: 0x4008
[    0.000000] IOAPIC[0]: apic_id 2, version 32, address 0xfec00000, GSI 0-23
[    0.000000] ACPI: INT_SRC_OVR (bus 0 bus_irq 0 global_irq 2 dfl dfl)
[    0.000000] ACPI: INT_SRC_OVR (bus 0 bus_irq 9 global_irq 9 low level)
[    0.000000] Using ACPI (MADT) for SMP configuration information
[    0.000000] smpboot: Allowing 2 CPUs, 0 hotplug CPUs
[    0.000000] PM: Registered nosave memory: [mem 0x00000000-0x00000fff]
[    0.000000] PM: Registered nosave memory: [mem 0x0009f000-0x0009ffff]
[    0.000000] PM: Registered nosave memory: [mem 0x000a0000-0x000effff]
[    0.000000] PM: Registered nosave memory: [mem 0x000f0000-0x000fffff]
[    0.000000] e820: [mem 0x40000000-0xfebfffff] available for PCI devices
[    0.000000] Booting paravirtualized kernel on KVM
[    0.000000] clocksource: refined-jiffies: mask: 0xffffffff max_cycles: 0xffffffff, max_idle_ns: 7645519600211568 ns
[    0.000000] setup_percpu: NR_CPUS:8192 nr_cpumask_bits:2 nr_cpu_ids:2 nr_node_ids:1
[    0.000000] percpu: Embedded 50 pages/cpu s167936 r8192 d28672 u1048576
[    0.000000] PV qspinlock hash table entries: 256 (order: 0, 4096 bytes)
[    0.000000] Built 1 zonelists, mobility grouping on.  Total pages: 257913
[    0.000000] Policy zone: DMA32
[    0.000000] Kernel command line: BOOT_IMAGE=/boot/vmlinuz-4.15.0-212-generic root=LABEL=cloudimg-rootfs ro console=tty1 console=ttyS0
[    0.000000] Memory: 982644K/1048120K available (12300K kernel code, 2477K rwdata, 4324K rodata, 2480K init, 2720K bss, 65476K reserved, 0K cma-reserved)
[    0.000000] SLUB: HWalign=64, Order=0-3, MinObjects=0, CPUs=2, Nodes=1
[    0.000000] Kernel/User page tables isolation: enabled
[    0.000000] ftrace: allocating 39508 entries in 155 pages
[    0.004000] Hierarchical RCU implementation.
[    0.004000] 	RCU restricting CPUs from NR_CPUS=8192 to nr_cpu_ids=2.
[    0.004000] 	Tasks RCU enabled.
[    0.004000] RCU: Adjusting geometry for rcu_fanout_leaf=16, nr_cpu_ids=2
[    0.004000] NR_IRQS: 524544, nr_irqs: 440, preallocated irqs: 16
[    0.004000] random: crng init done
[    0.004000] Console: colour VGA+ 80x25
[    0.004000] console [tty1] enabled
[    0.004000] console [ttyS0] enabled
[    0.004000] ACPI: Core revision 20170831
[    0.004000] ACPI: 2 ACPI AML tables successfully acquired and loaded
[    0.004000] APIC: Switch to symmetric I/O mode setup
[    0.004000] ..TIMER: vector=0x30 apic1=0 pin1=2 apic2=-1 pin2=-1
[    0.004010] tsc: Detected 2693.760 MHz processor
[    0.008018] Calibrating delay loop (skipped) preset value.. 5387.52 BogoMIPS (lpj=10775040)
[    0.012042] pid_max: default: 32768 minimum: 301
[    0.016210] Security Framework initialized
[    0.020078] Yama: becoming mindful.
[    0.028010] AppArmor: AppArmor initialized
[    0.058630] Dentry cache hash table entries: 131072 (order: 8, 1048576 bytes)
[    0.069444] Inode-cache hash table entries: 65536 (order: 7, 524288 bytes)
[    0.072246] Mount-cache hash table entries: 2048 (order: 2, 16384 bytes)
[    0.076299] Mountpoint-cache hash table entries: 2048 (order: 2, 16384 bytes)
[    0.092364] Last level iTLB entries: 4KB 1024, 2MB 1024, 4MB 1024
[    0.096008] Last level dTLB entries: 4KB 1024, 2MB 1024, 4MB 1024, 1GB 4
[    0.104116] Spectre V1 : Mitigation: usercopy/swapgs barriers and __user pointer sanitization
[    0.108009] Spectre V2 : Mitigation: Retpolines
[    0.112008] Spectre V2 : Spectre v2 / SpectreRSB mitigation: Filling RSB on context switch
[    0.116008] Spectre V2 : Spectre v2 / SpectreRSB : Filling RSB on VMEXIT
[    0.120009] Speculative Store Bypass: Vulnerable
[    0.124209] MDS: Mitigation: Clear CPU buffers
[    0.128006] MMIO Stale Data: Unknown: No mitigations
[    0.132010] SRBDS: Unknown: Dependent on hypervisor status
[    0.136500] Freeing SMP alternatives memory: 36K
[    0.263789] smpboot: CPU0: Intel(R) Core(TM) i7-4800MQ CPU @ 2.70GHz (family: 0x6, model: 0x3c, stepping: 0x3)
[    0.264000] Performance Events: unsupported p6 CPU model 60 no PMU driver, software events only.
[    0.264391] Hierarchical SRCU implementation.
[    0.277535] NMI watchdog: Perf event create on CPU 0 failed with -2
[    0.280190] NMI watchdog: Perf NMI watchdog permanently disabled
[    0.285140] smp: Bringing up secondary CPUs ...
[    0.292440] x86: Booting SMP configuration:
[    0.296008] .... node  #0, CPUs:      #1
[    0.004000] kvm-clock: cpu 1, msr 0:3ff44041, secondary cpu clock
[    0.336000] TSC synchronization [CPU#0 -> CPU#1]:
[    0.336000] Measured 89052 cycles TSC warp between CPUs, turning off TSC clock.
[    0.336000] tsc: Marking TSC unstable due to check_tsc_sync_source failed
[    0.340378] smp: Brought up 1 node, 2 CPUs
[    0.344013] smpboot: Max logical packages: 1
[    0.348010] smpboot: Total of 2 processors activated (10775.04 BogoMIPS)
[    0.357876] devtmpfs: initialized
[    0.360218] x86/mm: Memory block size: 128MB
[    0.370241] evm: security.selinux
[    0.372008] evm: security.SMACK64
[    0.376008] evm: security.SMACK64EXEC
[    0.380007] evm: security.SMACK64TRANSMUTE
[    0.384008] evm: security.SMACK64MMAP
[    0.388008] evm: security.apparmor
[    0.396011] evm: security.ima
[    0.400006] evm: security.capability
[    0.416555] clocksource: jiffies: mask: 0xffffffff max_cycles: 0xffffffff, max_idle_ns: 7645041785100000 ns
[    0.420025] futex hash table entries: 512 (order: 3, 32768 bytes)
[    0.424816] pinctrl core: initialized pinctrl subsystem
[    0.437350] RTC time:  1:32:19, date: 08/12/24
[    0.453090] NET: Registered protocol family 16
[    0.457459] audit: initializing netlink subsys (disabled)
[    0.464016] audit: type=2000 audit(1723426344.191:1): state=initialized audit_enabled=0 res=1
[    0.468404] cpuidle: using governor ladder
[    0.492056] cpuidle: using governor menu
[    0.517550] ACPI: bus type PCI registered
[    0.544011] acpiphp: ACPI Hot Plug PCI Controller Driver version: 0.5
[    0.588000] PCI: Using configuration type 1 for base access
[    0.628262] HugeTLB registered 2.00 MiB page size, pre-allocated 0 pages
[    0.664728] ACPI: Added _OSI(Module Device)
[    0.688011] ACPI: Added _OSI(Processor Device)
[    0.712031] ACPI: Added _OSI(3.0 _SCP Extensions)
[    0.744015] ACPI: Added _OSI(Processor Aggregator Device)
[    0.772012] ACPI: Added _OSI(Linux-Dell-Video)
[    0.808013] ACPI: Added _OSI(Linux-Lenovo-NV-HDMI-Audio)
[    0.832196] ACPI: Added _OSI(Linux-HPI-Hybrid-Graphics)
[    0.866768] ACPI: Executed 1 blocks of module-level executable AML code
[    0.925661] ACPI: Interpreter enabled
[    0.944036] ACPI: (supports S0 S5)
[    0.960010] ACPI: Using IOAPIC for interrupt routing
[    0.992534] PCI: Using host bridge windows from ACPI; if necessary, use "pci=nocrs" and report a bug
[    1.045743] ACPI: Enabled 2 GPEs in block 00 to 07
[    1.197073] ACPI: PCI Root Bridge [PCI0] (domain 0000 [bus 00-ff])
[    1.240338] acpi PNP0A03:00: _OSC: OS supports [ASPM ClockPM Segments MSI]
[    1.296197] acpi PNP0A03:00: _OSC: not requesting OS control; OS requires [ExtendedConfig ASPM ClockPM MSI]
[    1.364042] acpi PNP0A03:00: fail to add MMCONFIG information, can't access extended PCI configuration space under this bridge.
[    1.434088] PCI host bridge to bus 0000:00
[    1.456016] pci_bus 0000:00: root bus resource [io  0x0000-0x0cf7 window]
[    1.496083] pci_bus 0000:00: root bus resource [io  0x0d00-0xffff window]
[    1.548014] pci_bus 0000:00: root bus resource [mem 0x000a0000-0x000bffff window]
[    1.588015] pci_bus 0000:00: root bus resource [mem 0x40000000-0xfdffffff window]
[    1.632072] pci_bus 0000:00: root bus resource [bus 00-ff]
[    1.720467] pci 0000:00:01.1: legacy IDE quirk: reg 0x10: [io  0x01f0-0x01f7]
[    1.792014] pci 0000:00:01.1: legacy IDE quirk: reg 0x14: [io  0x03f6]
[    1.836031] pci 0000:00:01.1: legacy IDE quirk: reg 0x18: [io  0x0170-0x0177]
[    1.876278] pci 0000:00:01.1: legacy IDE quirk: reg 0x1c: [io  0x0376]
[    2.072359] pci 0000:00:07.0: quirk: [io  0x4000-0x403f] claimed by PIIX4 ACPI
[    2.076300] pci 0000:00:07.0: quirk: [io  0x4100-0x410f] claimed by PIIX4 SMB
[    2.143363] ACPI: PCI Interrupt Link [LNKA] (IRQs 5 9 10 *11)
[    2.149145] ACPI: PCI Interrupt Link [LNKB] (IRQs 5 9 *10 11)
[    2.157675] ACPI: PCI Interrupt Link [LNKC] (IRQs 5 *9 10 11)
[    2.160782] ACPI: PCI Interrupt Link [LNKD] (IRQs 5 9 10 *11)
[    2.165720] SCSI subsystem initialized
[    2.181053] pci 0000:00:02.0: vgaarb: setting as boot VGA device
[    2.184000] pci 0000:00:02.0: vgaarb: VGA device added: decodes=io+mem,owns=io+mem,locks=none
[    2.184124] pci 0000:00:02.0: vgaarb: bridge control possible
[    2.188010] vgaarb: loaded
[    2.197802] ACPI: bus type USB registered
[    2.200090] usbcore: registered new interface driver usbfs
[    2.204050] usbcore: registered new interface driver hub
[    2.208088] usbcore: registered new device driver usb
[    2.212608] EDAC MC: Ver: 3.0.0
[    2.237659] PCI: Using ACPI for IRQ routing
[    2.248000] NetLabel: Initializing
[    2.248010] NetLabel:  domain hash size = 128
[    2.252008] NetLabel:  protocols = UNLABELED CIPSOv4 CALIPSO
[    2.256376] NetLabel:  unlabeled traffic allowed by default
[    2.264791] clocksource: Switched to clocksource kvm-clock
[    2.288349] VFS: Disk quotas dquot_6.6.0
[    2.288349] VFS: Dquot-cache hash table entries: 512 (order 0, 4096 bytes)
[    2.501020] AppArmor: AppArmor Filesystem Enabled
[    2.504228] pnp: PnP ACPI init
[    2.504228] pnp: PnP ACPI: found 3 devices
[    2.665320] clocksource: acpi_pm: mask: 0xffffff max_cycles: 0xffffff, max_idle_ns: 2085701024 ns
[    2.669216] NET: Registered protocol family 2
[    2.669216] IP idents hash table entries: 16384 (order: 5, 131072 bytes)
[    2.738186] TCP established hash table entries: 8192 (order: 4, 65536 bytes)
[    2.765630] TCP bind hash table entries: 8192 (order: 5, 131072 bytes)
[    2.769119] TCP: Hash tables configured (established 8192 bind 8192)
[    2.769119] UDP hash table entries: 512 (order: 2, 16384 bytes)
[    2.769119] UDP-Lite hash table entries: 512 (order: 2, 16384 bytes)
[    2.769119] NET: Registered protocol family 1
[    2.915762] pci 0000:00:00.0: Limiting direct PCI/PCI transfers
[    2.919460] pci 0000:00:01.0: Activating ISA DMA hang workarounds
[    2.919460] pci 0000:00:02.0: Video device with shadowed ROM at [mem 0x000c0000-0x000dffff]
[    2.919460] Unpacking initramfs...
[    4.502963] Freeing initrd memory: 19528K
[    4.510871] clocksource: tsc: mask: 0xffffffffffffffff max_cycles: 0x26d437ab68b, max_idle_ns: 440795285230 ns
[    4.536682] platform rtc_cmos: registered platform RTC device (no PNP device found)
[    4.549222] Scanning for low memory corruption every 60 seconds
[    4.570839] Initialise system trusted keyrings
[    4.588344] Key type blacklist registered
[    4.596682] workingset: timestamp_bits=36 max_order=18 bucket_order=0
[    4.621684] zbud: loaded
[    4.638422] squashfs: version 4.0 (2009/01/31) Phillip Lougher
[    4.650716] fuse init (API version 7.26)
[    4.728888] Key type asymmetric registered
[    4.736544] Asymmetric key parser 'x509' registered
[    4.749887] Block layer SCSI generic (bsg) driver version 0.4 loaded (major 246)
[    4.763382] io scheduler noop registered
[    4.775414] io scheduler deadline registered
[    4.783277] io scheduler cfq registered (default)
[    4.799681] ACPI: AC Adapter [AC] (on-line)
[    4.812917] input: Power Button as /devices/LNXSYSTM:00/LNXPWRBN:00/input/input0
[    4.835416] ACPI: Power Button [PWRF]
[    4.843314] input: Sleep Button as /devices/LNXSYSTM:00/LNXSLPBN:00/input/input1
[    4.863637] ACPI: Sleep Button [SLPF]
[    4.876657] Serial: 8250/16550 driver, 32 ports, IRQ sharing enabled
[    4.957244] 00:02: ttyS0 at I/O 0x3f8 (irq = 4, base_baud = 115200) is a 16550A
[    4.974518] Linux agpgart interface v0.103
[    5.009989] loop: module loaded
[    5.022007] scsi host0: ata_piix
[    5.034759] scsi host1: ata_piix
[    5.049840] ata1: PATA max UDMA/33 cmd 0x1f0 ctl 0x3f6 bmdma 0xd000 irq 14
[    5.071148] ata2: PATA max UDMA/33 cmd 0x170 ctl 0x376 bmdma 0xd008 irq 15
[    5.092402] tun: Universal TUN/TAP device driver, 1.6
[    5.103895] PPP generic driver version 2.4.2
[    5.117176] ehci_hcd: USB 2.0 'Enhanced' Host Controller (EHCI) Driver
[    5.140038] ehci-pci: EHCI PCI platform driver
[    5.148299] ehci-platform: EHCI generic platform driver
[    5.157529] ohci_hcd: USB 1.1 'Open' Host Controller (OHCI) Driver
[    5.174686] ohci-pci: OHCI PCI platform driver
[    5.182828] ohci-platform: OHCI generic platform driver
[    5.197895] uhci_hcd: USB Universal Host Controller Interface driver
[    5.223488] i8042: PNP: PS/2 Controller [PNP0303:PS2K,PNP0f03:PS2M] at 0x60,0x64 irq 1,12
[    5.253922] serio: i8042 KBD port at 0x60,0x64 irq 1
[    5.380577] serio: i8042 AUX port at 0x60,0x64 irq 12
[    5.402646] mousedev: PS/2 mouse device common for all mice
[    5.416063] rtc_cmos rtc_cmos: rtc core: registered rtc_cmos as rtc0
[    5.437596] rtc_cmos rtc_cmos: alarms up to one day, 114 bytes nvram
[    5.450287] i2c /dev entries driver
[    5.456637] device-mapper: uevent: version 1.0.3
[    5.465159] device-mapper: ioctl: 4.37.0-ioctl (2017-09-20) initialised: dm-devel@redhat.com
[    5.499403] ledtrig-cpu: registered to indicate activity on CPUs
[    5.511866] input: AT Translated Set 2 keyboard as /devices/platform/i8042/serio0/input/input2
[    5.549212] NET: Registered protocol family 10
[    5.590742] Segment Routing with IPv6
[    5.598014] NET: Registered protocol family 17
[    5.607086] Key type dns_resolver registered
[    5.623486] mce: Using 0 MCE banks
[    5.630102] RAS: Correctable Errors collector initialized.
[    5.644546] sched_clock: Marking stable (5644425432, 0)->(9813413825, -4168988393)
[    5.682679] registered taskstats version 1
[    5.694170] Loading compiled-in X.509 certificates
[    5.722743] Loaded X.509 cert 'Build time autogenerated kernel key: b5b26778eaa3ab3a4a6cee031137706e947d12ad'
[    5.762863] Loaded X.509 cert 'Canonical Ltd. Live Patch Signing: 14df34d1a87cf37625abec039ef2bf521249b969'
[    5.792128] Loaded X.509 cert 'Canonical Ltd. Kernel Module Signing: 88f752e560a1e0737e31163a466ad7b70a850c19'
[    5.813901] blacklist: Loading compiled-in revocation X.509 certificates
[    5.842702] Loaded X.509 cert 'Canonical Ltd. Secure Boot Signing: 61482aa2830d0ab2ad5af10b7250da9033ddcef0'
[    5.859904] Loaded X.509 cert 'Canonical Ltd. Secure Boot Signing (2017): 242ade75ac4a15e50d50c84b0d45ff3eae707a03'
[    5.886327] Loaded X.509 cert 'Canonical Ltd. Secure Boot Signing (ESM 2018): 365188c1d374d6b07c3c8f240f8ef722433d6a8b'
[    5.929902] Loaded X.509 cert 'Canonical Ltd. Secure Boot Signing (2019): c0746fd6c5da3ae827864651ad66ae47fe24b3e8'
[    5.953686] Loaded X.509 cert 'Canonical Ltd. Secure Boot Signing (2021 v1): a8d54bbb3825cfb94fa13c9f8a594a195c107b8d'
[    5.988038] Loaded X.509 cert 'Canonical Ltd. Secure Boot Signing (2021 v2): 4cf046892d6fd3c9a5b03f98d845f90851dc6a8c'
[    6.017828] Loaded X.509 cert 'Canonical Ltd. Secure Boot Signing (2021 v3): 100437bb6de6e469b581e61cd66bce3ef4ed53af'
[    6.040364] Loaded X.509 cert 'Canonical Ltd. Secure Boot Signing (Ubuntu Core 2019): c1d57b8f6b743f23ee41f4f7ee292f06eecadfb9'
[    6.063598] zswap: loaded using pool lzo/zbud
[    6.099256] Key type big_key registered
[    6.111148] Key type trusted registered
[    6.128985] Key type encrypted registered
[    6.140690] AppArmor: AppArmor sha1 policy hashing enabled
[    6.150161] ima: No TPM chip found, activating TPM-bypass! (rc=-19)
[    6.166305] ima: Allocated hash algorithm: sha1
[    6.174839] evm: HMAC attrs: 0x1
[    6.187001]   Magic number: 4:494:508
[    6.197261] pci 0000:00:01.0: hash matches
[    6.222224] rtc_cmos rtc_cmos: setting system clock to 2024-08-12 01:32:26 UTC (1723426346)
[    6.237714] BIOS EDD facility v0.16 2004-Jun-25, 0 devices found
[    6.259279] EDD information not available.
[    6.273740] Freeing unused kernel image memory: 2480K
[    6.300352] Write protecting the kernel read-only data: 20480k
[    6.317270] Freeing unused kernel image memory: 2008K
[    6.340850] Freeing unused kernel image memory: 1820K
[    6.362198] x86/mm: Checked W+X mappings: passed, no W+X pages found.
[    6.378863] x86/mm: Checking user space page tables
[    6.404376] x86/mm: Checked W+X mappings: passed, no W+X pages found.
Loading, please wait...
starting version 237
[    6.743634] e1000: Intel(R) PRO/1000 Network Driver - version 7.3.21-k8-NAPI
[    6.756623] e1000: Copyright (c) 1999-2006 Intel Corporation.
[    6.786299] Fusion MPT base driver 3.04.20
[    6.820758] Copyright (c) 1999-2008 LSI Corporation
[    6.946538] SSE version of gcm_enc/dec engaged.
[    6.991501] Fusion MPT SPI Host driver 3.04.20
[    7.102107] input: ImExPS/2 Generic Explorer Mouse as /devices/platform/i8042/serio1/input/input4
[    8.542875] e1000 0000:00:03.0 eth0: (PCI:33MHz:32-bit) 02:3b:7b:b7:3b:2d
[    8.560374] e1000 0000:00:03.0 eth0: Intel(R) PRO/1000 Network Connection
[    8.612692] mptbase: ioc0: Initiating bringup
[    8.761355] ioc0: LSI53C1030 A0: Capabilities={Initiator}
[    9.801037] scsi host2: ioc0: LSI53C1030 A0, FwRev=00000000h, Ports=1, MaxQ=256, IRQ=20
[    9.997998] scsi 2:0:0:0: Direct-Access     VBOX     HARDDISK         1.0  PQ: 0 ANSI: 5
[   10.877659] scsi target2:0:0: Beginning Domain Validation
[   10.924675] scsi target2:0:0: Domain Validation skipping write tests
[   10.935221] scsi target2:0:0: Ending Domain Validation
[   10.947120] scsi target2:0:0: asynchronous
[   10.980245] scsi 2:0:1:0: Direct-Access     VBOX     HARDDISK         1.0  PQ: 0 ANSI: 5
[   11.352271] scsi target2:0:1: Beginning Domain Validation
[   11.376534] scsi target2:0:1: Domain Validation skipping write tests
[   11.391739] scsi target2:0:1: Ending Domain Validation
[   11.403884] scsi target2:0:1: asynchronous
[   11.435470] sd 2:0:0:0: [sda] 83886080 512-byte logical blocks: (42.9 GB/40.0 GiB)
[   11.448617] sd 2:0:0:0: Attached scsi generic sg0 type 0
[   11.466845] sd 2:0:0:0: [sda] Write Protect is off
[   11.489217] sd 2:0:1:0: Attached scsi generic sg1 type 0
[   11.500420] sd 2:0:1:0: [sdb] 20480 512-byte logical blocks: (10.5 MB/10.0 MiB)
[   11.523239] sd 2:0:0:0: [sda] Incomplete mode parameter data
[   11.537112] sd 2:0:0:0: [sda] Assuming drive cache: write through
[   11.548527] sd 2:0:1:0: [sdb] Write Protect is off
[   11.567431] sd 2:0:1:0: [sdb] Incomplete mode parameter data
[   11.582470] sd 2:0:1:0: [sdb] Assuming drive cache: write through
[   11.598457]  sda: sda1
[   11.613356] sd 2:0:0:0: [sda] Attached SCSI disk
[   11.636977] sd 2:0:1:0: [sdb] Attached SCSI disk
[   11.923991] e1000 0000:00:08.0 eth1: (PCI:33MHz:32-bit) 08:00:27:be:e0:a6
[   11.935894] e1000 0000:00:08.0 eth1: Intel(R) PRO/1000 Network Connection
[   11.955654] e1000 0000:00:03.0 enp0s3: renamed from eth0
[   12.004266] e1000 0000:00:08.0 enp0s8: renamed from eth1
Begin: Loading essential drivers ... [   16.448359] raid6: sse2x1   gen()  1648 MB/s
[   16.504569] raid6: sse2x1   xor()  2265 MB/s
[   16.557820] raid6: sse2x2   gen()  2994 MB/s
[   16.621354] raid6: sse2x2   xor()  1880 MB/s
[   16.705765] raid6: sse2x4   gen()  1753 MB/s
[   16.780524] raid6: sse2x4   xor()  1592 MB/s
[   16.791847] raid6: using algorithm sse2x2 gen() 2994 MB/s
[   16.800847] raid6: .... xor() 1880 MB/s, rmw enabled
[   16.814272] raid6: using ssse3x2 recovery algorithm
[   16.829971] xor: measuring software checksum speed
